{
    "Homo_sapiens - fastq.gz": {
        "content": [
            {
                "0": [
                    [
                        {
                            "id": "test",
                            "sample": "test_umi",
                            "read_group": "'@RG\\tID:test'"
                        },
                        "test.cons.filtered.bam:md5,3b219102de4b637ae6afc7088b29d055"
                    ]
                ],
                "1": [
                    "versions.yml:md5,25a88bb0161b7c8c0776ff571ae69c14",
                    "versions.yml:md5,2eaab159bf1e0ebc230271b9b122598a",
                    "versions.yml:md5,3ac60a8fef413d5536c56531d6542d3c",
                    "versions.yml:md5,8ea9f9df1ceb8c3c85cc8758d3286677",
                    "versions.yml:md5,9bd98e354b529b1c77b81314707beaf3",
                    "versions.yml:md5,ac477a7d830567f244d6ea80f5230df4",
                    "versions.yml:md5,b09f8b4ff8f5532e891b7088734567fa",
                    "versions.yml:md5,beec23292beb0250ce1b33ba9a2e4273",
                    "versions.yml:md5,d822d6577f3cc539d920868da812cb1f",
                    "versions.yml:md5,ef394f598cdb27db7d9262f318054e7b"
                ],
                "bam": [
                    [
                        {
                            "id": "test",
                            "sample": "test_umi",
                            "read_group": "'@RG\\tID:test'"
                        },
                        "test.cons.filtered.bam:md5,3b219102de4b637ae6afc7088b29d055"
                    ]
                ],
                "versions": [
                    "versions.yml:md5,25a88bb0161b7c8c0776ff571ae69c14",
                    "versions.yml:md5,2eaab159bf1e0ebc230271b9b122598a",
                    "versions.yml:md5,3ac60a8fef413d5536c56531d6542d3c",
                    "versions.yml:md5,8ea9f9df1ceb8c3c85cc8758d3286677",
                    "versions.yml:md5,9bd98e354b529b1c77b81314707beaf3",
                    "versions.yml:md5,ac477a7d830567f244d6ea80f5230df4",
                    "versions.yml:md5,b09f8b4ff8f5532e891b7088734567fa",
                    "versions.yml:md5,beec23292beb0250ce1b33ba9a2e4273",
                    "versions.yml:md5,d822d6577f3cc539d920868da812cb1f",
                    "versions.yml:md5,ef394f598cdb27db7d9262f318054e7b"
                ]
            }
        ],
        "meta": {
            "nf-test": "0.9.2",
            "nextflow": "24.10.4"
        },
        "timestamp": "2025-03-09T19:04:58.232651915"
    }
}